	Manufacturer: N/A
	Manufacturer: HUAWEI
	Product Name: Kunpeng Desktop Board D920L11K-2251K
	Manufacturer: N/A
	Product Name: N/A
command.sh: 10: command.sh: ipmitool: not found
command.sh: 11: command.sh: ipmitool: not found
command.sh: 12: command.sh: ipmitool: not found
command.sh: 13: command.sh: ipmitool: not found
	Version: N/A
command.sh: 16: command.sh: ipmitool: not found

command.sh: 19: command.sh: rpm: not found
No LSB modules are available.
Distributor ID:	Uos
Description:	uos 20 SP1
Release:	20 SP1
Codename:	n/a

Sat Jul  4 22:26:41 CST 2020
               Local time: Sat 2020-07-04 22:26:41 CST
           Universal time: Sat 2020-07-04 14:26:41 UTC
                 RTC time: Sat 2020-07-04 14:26:40
                Time zone: Asia/Shanghai (CST, +0800)
System clock synchronized: no
              NTP service: active
          RTC in local TZ: no

	Version: HUAWEI Kunpeng 920 2251K
Core(s) per socket:  8
Thread(s) per core:  1
	Manufacturer: Ramaxel
	Module Manufacturer ID: Unknown
	Memory Subsystem Controller Manufacturer ID: Unknown
	Manufacturer: Ramaxel
	Module Manufacturer ID: Unknown
	Memory Subsystem Controller Manufacturer ID: Unknown
              total        used        free      shared  buff/cache   available
Mem:             15           0          14           0           0          14
Swap:            15           0          15
  Vendor: ATAPI    Model: DVD A  DH24AFSH  Rev: CC2N
  Vendor: ATA      Model: BIWIN SSD        Rev: 7B0 
  Vendor: ATA      Model: WDC WD10EZEX-08W Rev: 1A02
  Vendor: Kingston Model: DataTraveler 2.0 Rev: PMAP
NAME   MAJ:MIN RM   SIZE RO TYPE MOUNTPOINT
sda      8:0    1 238.5G  0 disk 
|-sda1   8:1    1   300M  0 part /boot/efi
|-sda2   8:2    1   1.5G  0 part /boot
|-sda3   8:3    1    15G  0 part /
|-sda4   8:4    1    15G  0 part 
|-sda5   8:5    1 180.7G  0 part /data
|-sda6   8:6    1    10G  0 part /recovery
`-sda7   8:7    1    16G  0 part [SWAP]
sdb      8:16   0 931.5G  0 disk 
sdc      8:32   1  14.4G  0 disk /mnt
sr0     11:0    1  1024M  0 rom  
/dev/sda1: LABEL_FATBOOT="EFI" LABEL="EFI" UUID="69AB-D9BB" TYPE="vfat" PARTUUID="4d2fc6a4-0f5c-477a-90eb-62be9fe179a8"
/dev/sda2: LABEL="Boot" UUID="ed2d2ac5-6066-43d0-8d3d-7226b8983479" TYPE="ext4" PARTUUID="e794c66e-2bd8-427c-8b9a-eb8f77eb519e"
/dev/sda3: LABEL="Roota" UUID="201b903a-a793-4d0c-b3d3-4910e6f030d5" TYPE="ext4" PARTUUID="51985aba-45fb-41d1-89d3-7953f404209d"
/dev/sda4: LABEL="Rootb" UUID="ffd65383-e110-48aa-9a39-590d298a37fe" TYPE="ext4" PARTUUID="63105aae-5cbd-4c3b-83f5-c58c3d33a75f"
/dev/sda5: LABEL="_dde_data" UUID="333172b3-b1d6-4367-ac38-ccd3954636e4" TYPE="ext4" PARTUUID="2184f4dd-78e5-4206-a5ab-bf58a1fde17b"
/dev/sda6: LABEL="Backup" UUID="5bdb564d-1d97-435f-9201-7a5ede1894b7" TYPE="ext4" PARTUUID="948f2404-f056-4553-aa33-00b36dc0ef21"
/dev/sda7: LABEL="SWAP" UUID="f5cc3a13-a73d-46d9-a47b-52d7635c52b1" TYPE="swap" PARTUUID="2d047c4a-063d-48e7-8393-d5a11a05fd0d"
/dev/sdc: LABEL="UUI" UUID="D0AF-129A" TYPE="vfat"
enp125s0f0: flags=4099<UP,BROADCAST,MULTICAST>  mtu 1500
        ether 60:12:3c:11:09:3e  txqueuelen 1000  (Ethernet)
        RX packets 0  bytes 0 (0.0 B)
        RX errors 0  dropped 0  overruns 0  frame 0
        TX packets 0  bytes 0 (0.0 B)
        TX errors 0  dropped 0 overruns 0  carrier 0  collisions 0

enp125s0f1: flags=4099<UP,BROADCAST,MULTICAST>  mtu 1500
        ether 60:12:3c:11:09:3f  txqueuelen 1000  (Ethernet)
        RX packets 0  bytes 0 (0.0 B)
        RX errors 0  dropped 0  overruns 0  frame 0
        TX packets 0  bytes 0 (0.0 B)
        TX errors 0  dropped 0 overruns 0  carrier 0  collisions 0

ip6tnl0: flags=128<NOARP>  mtu 1452
        unspec 00-00-00-00-00-00-00-00-00-00-00-00-00-00-00-00  txqueuelen 1000  (UNSPEC)
        RX packets 0  bytes 0 (0.0 B)
        RX errors 0  dropped 0  overruns 0  frame 0
        TX packets 0  bytes 0 (0.0 B)
        TX errors 0  dropped 0 overruns 0  carrier 0  collisions 0

lo: flags=73<UP,LOOPBACK,RUNNING>  mtu 65536
        inet 127.0.0.1  netmask 255.0.0.0
        inet6 ::1  prefixlen 128  scopeid 0x10<host>
        loop  txqueuelen 1000  (Local Loopback)
        RX packets 336  bytes 27024 (26.3 KiB)
        RX errors 0  dropped 0  overruns 0  frame 0
        TX packets 336  bytes 27024 (26.3 KiB)
        TX errors 0  dropped 0 overruns 0  carrier 0  collisions 0

7d:00.0 Ethernet controller: Huawei Technologies Co., Ltd. HNS GE/10GE/25GE RDMA Network Controller (rev 21)
7d:00.1 Ethernet controller: Huawei Technologies Co., Ltd. HNS GE/10GE/25GE Network Controller (rev 21)
ls: cannot access '/opt/MayaDevice/': No such file or directory
command.sh: 54: command.sh: nvidia-smi: not found
02:00.0 VGA compatible controller: Advanced Micro Devices, Inc. [AMD/ATI] Baffin [Radeon RX 550 640SP / RX 560/560X] (rev ff)
command.sh: 58: command.sh: history: not found
